../Core/Src/main.c:208:6:SendFeedBack	0	static
../Core/Src/main.c:282:6:readByte	24	static
../Core/Src/main.c:288:6:writeByte	16	static
../Core/Src/main.c:294:6:gyroStart	8	static
../Core/Src/main.c:301:6:gyroInit	8	static
../Core/Src/main.c:1507:6:Gyro	56	static
../Core/Src/main.c:329:6:StartPMWVal	8	static
../Core/Src/main.c:336:6:SetPinForward	8	static
../Core/Src/main.c:343:6:SetPinReverse	16	static
../Core/Src/main.c:350:6:SetPinStop	16	static
../Core/Src/main.c:357:6:TurnFullLeft	0	static
../Core/Src/main.c:361:6:TurnFullRight	0	static
../Core/Src/main.c:366:6:TurnStraighten	0	static
../Core/Src/main.c:1427:6:UART_Command_RX_task	8	static
../Core/Src/main.c:371:6:ResetValues	0	static
../Core/Src/main.c:385:5:CalcPIDA_Dist	24	static
../Core/Src/main.c:1333:6:EncoderMotorA_task	32	static
../Core/Src/main.c:428:5:CalcPIDB_Dist	24	static
../Core/Src/main.c:1381:6:EncoderMotorB_task	32	static
../Core/Src/main.c:469:5:ServoCorrection	24	static
../Core/Src/main.c:1199:6:DCMotor_task	32	static
../Core/Src/main.c:608:6:SystemClock_Config	88	static,ignoring_inline_asm
../Core/Src/main.c:492:5:main	120	static,ignoring_inline_asm
../Core/Src/main.c:1141:6:HAL_UART_RxCpltCallback	8	static
../Core/Src/main.c:1173:6:StartDefaultTask	8	static
../Core/Src/main.c:1308:6:RefreshOLED_task	8	static
../Core/Src/main.c:1545:6:IRsensor	16	static
../Core/Src/main.c:1584:6:Error_Handler	0	static,ignoring_inline_asm
