../Core/Src/main.c:1172:6:StartDefaultTask	8	static
../Core/Src/main.c:1294:6:RefreshOLED_task	8	static
../Core/Src/main.c:209:6:SendFeedBack	0	static
../Core/Src/main.c:283:6:readByte	24	static
../Core/Src/main.c:289:6:writeByte	16	static
../Core/Src/main.c:295:6:gyroStart	8	static
../Core/Src/main.c:302:6:gyroInit	8	static
../Core/Src/main.c:1493:6:Gyro	56	static
../Core/Src/main.c:330:6:StartPMWVal	8	static
../Core/Src/main.c:337:6:SetPinForward	8	static
../Core/Src/main.c:344:6:SetPinReverse	16	static
../Core/Src/main.c:351:6:SetPinStop	16	static
../Core/Src/main.c:358:6:TurnFullLeft	0	static
../Core/Src/main.c:362:6:TurnFullRight	0	static
../Core/Src/main.c:367:6:TurnStraighten	0	static
../Core/Src/main.c:1415:6:UART_Command_RX_task	8	static
../Core/Src/main.c:372:6:ResetValues	0	static
../Core/Src/main.c:386:5:CalcPIDA_Dist	24	static
../Core/Src/main.c:1319:6:EncoderMotorA_task	32	static
../Core/Src/main.c:429:5:CalcPIDB_Dist	24	static
../Core/Src/main.c:1368:6:EncoderMotorB_task	32	static
../Core/Src/main.c:470:5:ServoCorrection	24	static
../Core/Src/main.c:1195:6:DCMotor_task	40	static
../Core/Src/main.c:609:6:SystemClock_Config	88	static,ignoring_inline_asm
../Core/Src/main.c:493:5:main	120	static,ignoring_inline_asm
../Core/Src/main.c:1141:6:HAL_UART_RxCpltCallback	8	static
../Core/Src/main.c:1531:6:IRsensor	16	static
../Core/Src/main.c:1570:6:Error_Handler	0	static,ignoring_inline_asm
