../Core/Src/main.c:1180:6:StartDefaultTask	8	static
../Core/Src/main.c:1299:6:RefreshOLED_task	8	static
../Core/Src/main.c:1540:6:IRsensor	16	static
../Core/Src/main.c:219:6:HAL_GPIO_EXTI_Callback	8	static
../Core/Src/main.c:284:6:readByte	24	static
../Core/Src/main.c:290:6:writeByte	16	static
../Core/Src/main.c:296:6:gyroStart	8	static
../Core/Src/main.c:303:6:gyroInit	8	static
../Core/Src/main.c:1501:6:Gyro	56	static
../Core/Src/main.c:331:6:StartPMWVal	8	static
../Core/Src/main.c:338:6:SetPinForward	8	static
../Core/Src/main.c:345:6:SetPinReverse	16	static
../Core/Src/main.c:352:6:SetPinStop	16	static
../Core/Src/main.c:359:6:TurnFullLeft	0	static
../Core/Src/main.c:363:6:TurnFullRight	0	static
../Core/Src/main.c:368:6:TurnStraighten	0	static
../Core/Src/main.c:373:6:ResetValues	0	static
../Core/Src/main.c:209:6:SendFeedBack	8	static
../Core/Src/main.c:1418:6:UART_Command_RX_task	8	static
../Core/Src/main.c:387:5:CalcPIDA_Dist	24	static
../Core/Src/main.c:1324:6:EncoderMotorA_task	32	static
../Core/Src/main.c:430:5:CalcPIDB_Dist	24	static
../Core/Src/main.c:1372:6:EncoderMotorB_task	32	static
../Core/Src/main.c:471:5:ServoCorrection	24	static
../Core/Src/main.c:1203:6:DCMotor_task	32	static
../Core/Src/main.c:610:6:SystemClock_Config	88	static,ignoring_inline_asm
../Core/Src/main.c:494:5:main	120	static,ignoring_inline_asm
../Core/Src/main.c:1143:6:HAL_UART_RxCpltCallback	16	static
../Core/Src/main.c:1580:6:Error_Handler	0	static,ignoring_inline_asm
